DocumentSymbol("||path-to-symbols||/basics.kt", File, KtFile, package symbols@@const val message = "Hello Kotlin!"@@fun main() {@    val name = "Hello World"@    println(name)@    println(message)@}@)
    DocumentSymbol("symbols", Package, KtPackageDirective, package symbols, symbols)
        DocumentSymbol("symbols", Package, KtNameReferenceExpression, symbols)
    DocumentSymbol("message", Property, KtProperty, const val message = "Hello Kotlin!")
        DocumentSymbol(""Hello Kotlin!"", Property, KtStringTemplateExpression, "Hello Kotlin!")
            DocumentSymbol("Hello Kotlin!", Property, KtLiteralStringTemplateEntry, Hello Kotlin!)
    DocumentSymbol("main", Function, KtNamedFunction, fun main() {@    val name = "Hello World"@    println(name)@    println(message)@})
        DocumentSymbol("()", Function, KtParameterList, ())
        DocumentSymbol("main", Function, KtBlockExpression, {@    val name = "Hello World"@    println(name)@    println(message)@})
            DocumentSymbol("name", Property, KtProperty, val name = "Hello World")
                DocumentSymbol(""Hello World"", Property, KtStringTemplateExpression, "Hello World")
                    DocumentSymbol("Hello World", Property, KtLiteralStringTemplateEntry, Hello World)
            DocumentSymbol("main", Function, KtCallExpression, println(name))
                DocumentSymbol("println", Function, KtNameReferenceExpression, println)
                DocumentSymbol("main", Function, KtValueArgumentList, (name))
            DocumentSymbol("main", Function, KtCallExpression, println(message))
                DocumentSymbol("println", Function, KtNameReferenceExpression, println)
                DocumentSymbol("main", Function, KtValueArgumentList, (message))
