DocumentSymbol("||path-to-symbols||/functionArgument.kt", File, KtFile, package symbols@@fun main(args: Array<String> = arrayOf("a", "b", "c")) {}@)
    DocumentSymbol("symbols", Package, KtPackageDirective, package symbols, symbols)
        DocumentSymbol("symbols", Package, KtNameReferenceExpression, symbols)
    DocumentSymbol("main", Function, KtNamedFunction, fun main(args: Array<String> = arrayOf("a", "b", "c")) {})
        DocumentSymbol("(args: Array<String> = arrayOf("a", "b", "c"))", Function, KtParameterList, (args: Array<String> = arrayOf("a", "b", "c")))
            DocumentSymbol("args", Function, KtTypeArgumentList, <String>)
                DocumentSymbol("String", Function, KtTypeProjection, String)
            DocumentSymbol("args", Function, KtCallExpression, arrayOf("a", "b", "c"))
                DocumentSymbol("arrayOf", Function, KtNameReferenceExpression, arrayOf)
                DocumentSymbol("args", Function, KtValueArgumentList, ("a", "b", "c"))
        DocumentSymbol("main", Function, KtBlockExpression, {})
