DocumentSymbol("||path-to-symbols||/hw/HelloWorld.kt", File, KtFile, package symbols.hw@@class HelloWorld() {@    fun main() {@        println("Hello Kotlin Language Server")@    }@}@)
    DocumentSymbol("hw", Package, KtPackageDirective, package symbols.hw, symbols.hw)
        DocumentSymbol("symbols.hw", Package, KtDotQualifiedExpression, symbols.hw)
    DocumentSymbol("HelloWorld", Class, KtClass, class HelloWorld() {@    fun main() {@        println("Hello Kotlin Language Server")@    }@})
        DocumentSymbol("HelloWorld", Constructor, KtPrimaryConstructor, ())
        DocumentSymbol("", Class, KtClassBody, {@    fun main() {@        println("Hello Kotlin Language Server")@    }@})
            DocumentSymbol("main", Function, KtNamedFunction, fun main() {@        println("Hello Kotlin Language Server")@    })
                DocumentSymbol("()", Function, KtParameterList, ())
                DocumentSymbol("main", Function, KtBlockExpression, {@        println("Hello Kotlin Language Server")@    })
                    DocumentSymbol("main", Function, KtCallExpression, println("Hello Kotlin Language Server"))
                        DocumentSymbol("println", Function, KtNameReferenceExpression, println)
                        DocumentSymbol("main", Function, KtValueArgumentList, ("Hello Kotlin Language Server"))
